MPLINK 4.48, Linker
Linker Map File - Created Wed Apr 30 10:49:59 2014

                                 Section Info
                  Section       Type    Address   Location Size(Bytes)
                ---------  ---------  ---------  ---------  ---------
               _entry_scn       code   0x000000    program   0x000006
           .code___init.o       code   0x000006    program   0x000002
             tm_interrupt       code   0x000008    program   0x000006
                   .cinit    romdata   0x00000e    program   0x00000e
              .code_pat.o       code   0x00001c    program   0x0007fc
          .code_blinker.o       code   0x000818    program   0x000170
               _cinit_scn       code   0x000988    program   0x00009e
            .code_uopen.o       code   0x000a26    program   0x00008a
          .code_write_B.o       code   0x000ab0    program   0x000066
           .code_read_B.o       code   0x000b16    program   0x000044
           .code_t1open.o       code   0x000b5a    program   0x000042
          .code_t1write.o       code   0x000b9c    program   0x000038
          .code_t0write.o       code   0x000bd4    program   0x000038
           .code_t0open.o       code   0x000c0c    program   0x000038
                    .code       code   0x000c44    program   0x000020
             _startup_scn       code   0x000c64    program   0x00001c
             .stringtable    romdata   0x000c80    program   0x000015
        .romdata___init.o    romdata   0x000c95    program   0x000000
        .idata_t1open.o_i    romdata   0x000c95    program   0x000000
        .romdata_t1open.o    romdata   0x000c95    program   0x000000
         .idata_uopen.o_i    romdata   0x000c95    program   0x000000
        .idata___init.o_i    romdata   0x000c95    program   0x000000
         .romdata_uopen.o    romdata   0x000c95    program   0x000000
        .idata_read_B.o_i    romdata   0x000c95    program   0x000000
        .romdata_read_B.o    romdata   0x000c95    program   0x000000
       .romdata_write_B.o    romdata   0x000c95    program   0x000000
       .idata_t0write.o_i    romdata   0x000c95    program   0x000000
       .romdata_t0write.o    romdata   0x000c95    program   0x000000
       .idata_write_B.o_i    romdata   0x000c95    program   0x000000
       .idata_t1write.o_i    romdata   0x000c95    program   0x000000
       .romdata_t1write.o    romdata   0x000c95    program   0x000000
         .idata_c018i.o_i    romdata   0x000c95    program   0x000000
         .romdata_c018i.o    romdata   0x000c95    program   0x000000
           .romdata_pat.o    romdata   0x000c95    program   0x000000
       .idata_blinker.o_i    romdata   0x000c95    program   0x000000
       .romdata_blinker.o    romdata   0x000c95    program   0x000000
        .romdata_t0open.o    romdata   0x000c95    program   0x000000
        .idata_t0open.o_i    romdata   0x000c95    program   0x000000
      .romdata_busy_eep.o    romdata   0x000c95    program   0x000000
      .idata_busy_eep.o_i    romdata   0x000c95    program   0x000000
         .code_busy_eep.o       code   0x000c96    program   0x000006
            .code_c018i.o       code   0x000c96    program   0x000000
           .idata_pat.o_i    romdata   0x000c9c    program   0x000025
     .config_300001_pat.o    romdata   0x300001    program   0x000001
     .config_300002_pat.o    romdata   0x300002    program   0x000001
     .config_300003_pat.o    romdata   0x300003    program   0x000001
     .config_300005_pat.o    romdata   0x300005    program   0x000001
     .config_300006_pat.o    romdata   0x300006    program   0x000001
     .config_300008_pat.o    romdata   0x300008    program   0x000001
     .config_300009_pat.o    romdata   0x300009    program   0x000001
     .config_30000a_pat.o    romdata   0x30000a    program   0x000001
     .config_30000b_pat.o    romdata   0x30000b    program   0x000001
     .config_30000c_pat.o    romdata   0x30000c    program   0x000001
     .config_30000d_pat.o    romdata   0x30000d    program   0x000001
                 .tmpdata      udata   0x000000       data   0x000004
           tm_handler_tmp      udata   0x000004       data   0x000002
                MATH_DATA      udata   0x000006       data   0x000002
               ACCESSBANK      udata   0x000008       data   0x000002
                   .stack      udata   0x000080       data   0x000040
             .idata_pat.o      idata   0x0000c0       data   0x000025
             .udata_pat.o      udata   0x0000e5       data   0x00000f
           .udata_c018i.o      udata   0x0000f4       data   0x00000a
           .idata_c018i.o      idata   0x0000fe       data   0x000000
          .idata___init.o      idata   0x0000fe       data   0x000000
          .udata___init.o      udata   0x0000fe       data   0x000000
         .idata_write_B.o      idata   0x0000fe       data   0x000000
         .udata_write_B.o      udata   0x0000fe       data   0x000000
         .idata_t1write.o      idata   0x0000fe       data   0x000000
         .udata_t1write.o      udata   0x0000fe       data   0x000000
         .idata_t0write.o      idata   0x0000fe       data   0x000000
         .udata_t0write.o      udata   0x0000fe       data   0x000000
          .idata_read_B.o      idata   0x0000fe       data   0x000000
          .udata_read_B.o      udata   0x0000fe       data   0x000000
           .idata_uopen.o      idata   0x0000fe       data   0x000000
           .udata_uopen.o      udata   0x0000fe       data   0x000000
          .idata_t1open.o      idata   0x0000fe       data   0x000000
          .udata_t1open.o      udata   0x0000fe       data   0x000000
          .idata_t0open.o      idata   0x0000fe       data   0x000000
          .udata_t0open.o      udata   0x0000fe       data   0x000000
        .idata_busy_eep.o      idata   0x0000fe       data   0x000000
        .udata_busy_eep.o      udata   0x0000fe       data   0x000000
         .idata_blinker.o      idata   0x0000fe       data   0x000000
         .udata_blinker.o      udata   0x0000fe       data   0x000000
            SFR_UNBANKED0      udata   0x000f80       data   0x000080



                              Program Memory Usage 
                               Start         End      
                           ---------   ---------      
                            0x000000    0x000c94      
                            0x000c96    0x000cc0      
                            0x300001    0x300003      
                            0x300005    0x300006      
                            0x300008    0x30000d      
            3275 out of 8472 program addresses used, program memory utilization is 38%



                              Symbols - Sorted by Name
                     Name    Address   Location    Storage File                     
                ---------  ---------  ---------  --------- ---------                
               Blink_Init   0x00094c    program     extern X:\ibs_monitor\pat\blinker.c
                 Busy_eep   0x000c96    program     extern E:\c18v3.46\pic18-lt\cxx-framework\src\pmc_common\EEP\busy_eep.c
               OpenTimer0   0x000c0c    program     extern E:\c18v3.46\pic18-lt\cxx-framework\src\pmc_common\Timers\t0open.c
               OpenTimer1   0x000b5a    program     extern E:\c18v3.46\pic18-lt\cxx-framework\src\pmc_common\Timers\t1open.c
                OpenUSART   0x000a26    program     extern E:\c18v3.46\pic18-lt\cxx-framework\src\pmc_common\USART\uopen.c
               Read_b_eep   0x000b16    program     extern E:\c18v3.46\pic18-lt\cxx-framework\src\pmc_common\EEP\read_B.c
              WriteTimer0   0x000bd4    program     extern E:\c18v3.46\pic18-lt\cxx-framework\src\pmc_common\Timers\t0write.c
              WriteTimer1   0x000b9c    program     extern E:\c18v3.46\pic18-lt\cxx-framework\src\pmc_common\Timers\t1write.c
              Write_b_eep   0x000ab0    program     extern E:\c18v3.46\pic18-lt\cxx-framework\src\pmc_common\EEP\write_B.c
       ___return_lbl00000   0x000004    program     static                          
       ___return_lbl00000   0x000b4e    program     static                          
       ___return_lbl00000   0x00000c    program     static                          
       ___return_lbl00001   0x000c7e    program     static                          
       ___return_lbl00002   0x000a24    program     static                          
               __config_0   0x300001    program     static X:\ibs_monitor\pat\pat.c 
               __config_1   0x300002    program     static X:\ibs_monitor\pat\pat.c 
              __config_10   0x30000d    program     static X:\ibs_monitor\pat\pat.c 
               __config_2   0x300003    program     static X:\ibs_monitor\pat\pat.c 
               __config_3   0x300005    program     static X:\ibs_monitor\pat\pat.c 
               __config_4   0x300006    program     static X:\ibs_monitor\pat\pat.c 
               __config_5   0x300008    program     static X:\ibs_monitor\pat\pat.c 
               __config_6   0x300009    program     static X:\ibs_monitor\pat\pat.c 
               __config_7   0x30000a    program     static X:\ibs_monitor\pat\pat.c 
               __config_8   0x30000b    program     static X:\ibs_monitor\pat\pat.c 
               __config_9   0x30000c    program     static X:\ibs_monitor\pat\pat.c 
                   __init   0x000006    program     extern E:\c18v3.46\pic18-lt\cxx-framework\src\traditional\stdclib\__init.c
                   __pa_0   0x000960    program     static X:\ibs_monitor\pat\blinker.c
                   __pa_0   0x0007a2    program     static X:\ibs_monitor\pat\pat.c 
                   __pa_1   0x00096e    program     static X:\ibs_monitor\pat\blinker.c
                   __pa_1   0x0007b0    program     static X:\ibs_monitor\pat\pat.c 
                   __pa_2   0x000978    program     static X:\ibs_monitor\pat\blinker.c
                   __pa_2   0x0007c0    program     static X:\ibs_monitor\pat\pat.c 
                   __pa_3   0x000980    program     static X:\ibs_monitor\pat\blinker.c
                   __pa_3   0x0007d2    program     static X:\ibs_monitor\pat\pat.c 
                   __pa_4   0x0007e4    program     static X:\ibs_monitor\pat\pat.c 
                   __pa_5   0x0007f6    program     static X:\ibs_monitor\pat\pat.c 
                   __pa_6   0x000800    program     static X:\ibs_monitor\pat\pat.c 
                   __pa_7   0x00080a    program     static X:\ibs_monitor\pat\pat.c 
                   __pa_8   0x000812    program     static X:\ibs_monitor\pat\pat.c 
               __string_0   0x000c89    program     static X:\ibs_monitor\pat\pat.c 
               __string_1   0x000c80    program     static X:\ibs_monitor\pat\pat.c 
            __zero_memory   0x000c44    program     extern E:\c18v3.46\pic18-lt\cxx-framework\src\traditional\proc\p18f1320.asm
                _do_cinit   0x000988    program     extern E:\c18v3.46\pic18-lt\cxx-framework\src\traditional\startup\c018i.c
                   _entry   0x000000    program     extern E:\c18v3.46\pic18-lt\cxx-framework\src\traditional\startup\c018i.c
                 _startup   0x000c64    program     extern E:\c18v3.46\pic18-lt\cxx-framework\src\traditional\startup\c018i.c
                blink_led   0x000818    program     extern X:\ibs_monitor\pat\blinker.c
            blink_led_alt   0x000912    program     extern X:\ibs_monitor\pat\blinker.c
                compare_l   0x000c5a    program     static E:\c18v3.46\pic18-lt\cxx-framework\src\traditional\proc\p18f1320.asm
                copy_loop   0x0009fa    program     static                          
            copy_one_byte   0x000a00    program     static                          
                do_config   0x000622    program     extern X:\ibs_monitor\pat\pat.c 
                     done   0x000a24    program     static                          
             done_copying   0x000a0e    program     static                          
              init_ihcmon   0x0006bc    program     extern X:\ibs_monitor\pat\pat.c 
       init_stream_params   0x000730    program     extern X:\ibs_monitor\pat\pat.c 
          is_led_blinking   0x0008f6    program     extern X:\ibs_monitor\pat\blinker.c
                is_led_on   0x000930    program     extern X:\ibs_monitor\pat\blinker.c
                     loop   0x000c74    program     static                          
                   loop_h   0x000c52    program     static E:\c18v3.46\pic18-lt\cxx-framework\src\traditional\proc\p18f1320.asm
                   loop_l   0x000c5c    program     static E:\c18v3.46\pic18-lt\cxx-framework\src\traditional\proc\p18f1320.asm
                     main   0x000794    program     extern X:\ibs_monitor\pat\pat.c 
                  sw_work   0x0004b4    program     extern X:\ibs_monitor\pat\pat.c 
                     test   0x0009a2    program     static                          
               tm_handler   0x00001c    program     extern X:\ibs_monitor\pat\pat.c 
                   tm_int   0x000008    program     extern X:\ibs_monitor\pat\pat.c 
               zero_block   0x000c52    program     static E:\c18v3.46\pic18-lt\cxx-framework\src\traditional\proc\p18f1320.asm
                   ADCON0   0x000fc2       data     extern E:\c18v3.46\pic18-lt\cxx-framework\src\traditional\proc\p18f1320.asm
               ADCON0bits   0x000fc2       data     extern E:\c18v3.46\pic18-lt\cxx-framework\src\traditional\proc\p18f1320.asm
                   ADCON1   0x000fc1       data     extern E:\c18v3.46\pic18-lt\cxx-framework\src\traditional\proc\p18f1320.asm
               ADCON1bits   0x000fc1       data     extern E:\c18v3.46\pic18-lt\cxx-framework\src\traditional\proc\p18f1320.asm
                   ADCON2   0x000fc0       data     extern E:\c18v3.46\pic18-lt\cxx-framework\src\traditional\proc\p18f1320.asm
               ADCON2bits   0x000fc0       data     extern E:\c18v3.46\pic18-lt\cxx-framework\src\traditional\proc\p18f1320.asm
                    ADRES   0x000fc3       data     extern E:\c18v3.46\pic18-lt\cxx-framework\src\traditional\proc\p18f1320.asm
                   ADRESH   0x000fc4       data     extern E:\c18v3.46\pic18-lt\cxx-framework\src\traditional\proc\p18f1320.asm
                   ADRESL   0x000fc3       data     extern E:\c18v3.46\pic18-lt\cxx-framework\src\traditional\proc\p18f1320.asm
                  BAUDCTL   0x000faa       data     extern E:\c18v3.46\pic18-lt\cxx-framework\src\traditional\proc\p18f1320.asm
              BAUDCTLbits   0x000faa       data     extern E:\c18v3.46\pic18-lt\cxx-framework\src\traditional\proc\p18f1320.asm
                      BSR   0x000fe0       data     extern E:\c18v3.46\pic18-lt\cxx-framework\src\traditional\proc\p18f1320.asm
                  CCP1CON   0x000fbd       data     extern E:\c18v3.46\pic18-lt\cxx-framework\src\traditional\proc\p18f1320.asm
              CCP1CONbits   0x000fbd       data     extern E:\c18v3.46\pic18-lt\cxx-framework\src\traditional\proc\p18f1320.asm
                    CCPR1   0x000fbe       data     extern E:\c18v3.46\pic18-lt\cxx-framework\src\traditional\proc\p18f1320.asm
                   CCPR1H   0x000fbf       data     extern E:\c18v3.46\pic18-lt\cxx-framework\src\traditional\proc\p18f1320.asm
                   CCPR1L   0x000fbe       data     extern E:\c18v3.46\pic18-lt\cxx-framework\src\traditional\proc\p18f1320.asm
                     DDRA   0x000f92       data     extern E:\c18v3.46\pic18-lt\cxx-framework\src\traditional\proc\p18f1320.asm
                 DDRAbits   0x000f92       data     extern E:\c18v3.46\pic18-lt\cxx-framework\src\traditional\proc\p18f1320.asm
                     DDRB   0x000f93       data     extern E:\c18v3.46\pic18-lt\cxx-framework\src\traditional\proc\p18f1320.asm
                 DDRBbits   0x000f93       data     extern E:\c18v3.46\pic18-lt\cxx-framework\src\traditional\proc\p18f1320.asm
                   ECCPAS   0x000fb6       data     extern E:\c18v3.46\pic18-lt\cxx-framework\src\traditional\proc\p18f1320.asm
               ECCPASbits   0x000fb6       data     extern E:\c18v3.46\pic18-lt\cxx-framework\src\traditional\proc\p18f1320.asm
                    EEADR   0x000fa9       data     extern E:\c18v3.46\pic18-lt\cxx-framework\src\traditional\proc\p18f1320.asm
                   EECON1   0x000fa6       data     extern E:\c18v3.46\pic18-lt\cxx-framework\src\traditional\proc\p18f1320.asm
               EECON1bits   0x000fa6       data     extern E:\c18v3.46\pic18-lt\cxx-framework\src\traditional\proc\p18f1320.asm
                   EECON2   0x000fa7       data     extern E:\c18v3.46\pic18-lt\cxx-framework\src\traditional\proc\p18f1320.asm
                   EEDATA   0x000fa8       data     extern E:\c18v3.46\pic18-lt\cxx-framework\src\traditional\proc\p18f1320.asm
                     FSR0   0x000fe9       data     extern E:\c18v3.46\pic18-lt\cxx-framework\src\traditional\proc\p18f1320.asm
                    FSR0H   0x000fea       data     extern E:\c18v3.46\pic18-lt\cxx-framework\src\traditional\proc\p18f1320.asm
                    FSR0L   0x000fe9       data     extern E:\c18v3.46\pic18-lt\cxx-framework\src\traditional\proc\p18f1320.asm
                     FSR1   0x000fe1       data     extern E:\c18v3.46\pic18-lt\cxx-framework\src\traditional\proc\p18f1320.asm
                    FSR1H   0x000fe2       data     extern E:\c18v3.46\pic18-lt\cxx-framework\src\traditional\proc\p18f1320.asm
                    FSR1L   0x000fe1       data     extern E:\c18v3.46\pic18-lt\cxx-framework\src\traditional\proc\p18f1320.asm
                     FSR2   0x000fd9       data     extern E:\c18v3.46\pic18-lt\cxx-framework\src\traditional\proc\p18f1320.asm
                    FSR2H   0x000fda       data     extern E:\c18v3.46\pic18-lt\cxx-framework\src\traditional\proc\p18f1320.asm
                    FSR2L   0x000fd9       data     extern E:\c18v3.46\pic18-lt\cxx-framework\src\traditional\proc\p18f1320.asm
                    INDF0   0x000fef       data     extern E:\c18v3.46\pic18-lt\cxx-framework\src\traditional\proc\p18f1320.asm
                    INDF1   0x000fe7       data     extern E:\c18v3.46\pic18-lt\cxx-framework\src\traditional\proc\p18f1320.asm
                    INDF2   0x000fdf       data     extern E:\c18v3.46\pic18-lt\cxx-framework\src\traditional\proc\p18f1320.asm
                   INTCON   0x000ff2       data     extern E:\c18v3.46\pic18-lt\cxx-framework\src\traditional\proc\p18f1320.asm
                  INTCON2   0x000ff1       data     extern E:\c18v3.46\pic18-lt\cxx-framework\src\traditional\proc\p18f1320.asm
              INTCON2bits   0x000ff1       data     extern E:\c18v3.46\pic18-lt\cxx-framework\src\traditional\proc\p18f1320.asm
                  INTCON3   0x000ff0       data     extern E:\c18v3.46\pic18-lt\cxx-framework\src\traditional\proc\p18f1320.asm
              INTCON3bits   0x000ff0       data     extern E:\c18v3.46\pic18-lt\cxx-framework\src\traditional\proc\p18f1320.asm
               INTCONbits   0x000ff2       data     extern E:\c18v3.46\pic18-lt\cxx-framework\src\traditional\proc\p18f1320.asm
                     IPR1   0x000f9f       data     extern E:\c18v3.46\pic18-lt\cxx-framework\src\traditional\proc\p18f1320.asm
                 IPR1bits   0x000f9f       data     extern E:\c18v3.46\pic18-lt\cxx-framework\src\traditional\proc\p18f1320.asm
                     IPR2   0x000fa2       data     extern E:\c18v3.46\pic18-lt\cxx-framework\src\traditional\proc\p18f1320.asm
                 IPR2bits   0x000fa2       data     extern E:\c18v3.46\pic18-lt\cxx-framework\src\traditional\proc\p18f1320.asm
                     LATA   0x000f89       data     extern E:\c18v3.46\pic18-lt\cxx-framework\src\traditional\proc\p18f1320.asm
                 LATAbits   0x000f89       data     extern E:\c18v3.46\pic18-lt\cxx-framework\src\traditional\proc\p18f1320.asm
                     LATB   0x000f8a       data     extern E:\c18v3.46\pic18-lt\cxx-framework\src\traditional\proc\p18f1320.asm
                 LATBbits   0x000f8a       data     extern E:\c18v3.46\pic18-lt\cxx-framework\src\traditional\proc\p18f1320.asm
                     LEDS   0x0000f0       data     extern X:\ibs_monitor\pat\pat.c 
                   LVDCON   0x000fd2       data     extern E:\c18v3.46\pic18-lt\cxx-framework\src\traditional\proc\p18f1320.asm
               LVDCONbits   0x000fd2       data     extern E:\c18v3.46\pic18-lt\cxx-framework\src\traditional\proc\p18f1320.asm
                   OSCCON   0x000fd3       data     extern E:\c18v3.46\pic18-lt\cxx-framework\src\traditional\proc\p18f1320.asm
               OSCCONbits   0x000fd3       data     extern E:\c18v3.46\pic18-lt\cxx-framework\src\traditional\proc\p18f1320.asm
                  OSCTUNE   0x000f9b       data     extern E:\c18v3.46\pic18-lt\cxx-framework\src\traditional\proc\p18f1320.asm
              OSCTUNEbits   0x000f9b       data     extern E:\c18v3.46\pic18-lt\cxx-framework\src\traditional\proc\p18f1320.asm
                       PC   0x000ff9       data     extern E:\c18v3.46\pic18-lt\cxx-framework\src\traditional\proc\p18f1320.asm
                      PCL   0x000ff9       data     extern E:\c18v3.46\pic18-lt\cxx-framework\src\traditional\proc\p18f1320.asm
                   PCLATH   0x000ffa       data     extern E:\c18v3.46\pic18-lt\cxx-framework\src\traditional\proc\p18f1320.asm
                   PCLATU   0x000ffb       data     extern E:\c18v3.46\pic18-lt\cxx-framework\src\traditional\proc\p18f1320.asm
                     PIE1   0x000f9d       data     extern E:\c18v3.46\pic18-lt\cxx-framework\src\traditional\proc\p18f1320.asm
                 PIE1bits   0x000f9d       data     extern E:\c18v3.46\pic18-lt\cxx-framework\src\traditional\proc\p18f1320.asm
                     PIE2   0x000fa0       data     extern E:\c18v3.46\pic18-lt\cxx-framework\src\traditional\proc\p18f1320.asm
                 PIE2bits   0x000fa0       data     extern E:\c18v3.46\pic18-lt\cxx-framework\src\traditional\proc\p18f1320.asm
                     PIR1   0x000f9e       data     extern E:\c18v3.46\pic18-lt\cxx-framework\src\traditional\proc\p18f1320.asm
                 PIR1bits   0x000f9e       data     extern E:\c18v3.46\pic18-lt\cxx-framework\src\traditional\proc\p18f1320.asm
                     PIR2   0x000fa1       data     extern E:\c18v3.46\pic18-lt\cxx-framework\src\traditional\proc\p18f1320.asm
                 PIR2bits   0x000fa1       data     extern E:\c18v3.46\pic18-lt\cxx-framework\src\traditional\proc\p18f1320.asm
                   PLUSW0   0x000feb       data     extern E:\c18v3.46\pic18-lt\cxx-framework\src\traditional\proc\p18f1320.asm
                   PLUSW1   0x000fe3       data     extern E:\c18v3.46\pic18-lt\cxx-framework\src\traditional\proc\p18f1320.asm
                   PLUSW2   0x000fdb       data     extern E:\c18v3.46\pic18-lt\cxx-framework\src\traditional\proc\p18f1320.asm
                    PORTA   0x000f80       data     extern E:\c18v3.46\pic18-lt\cxx-framework\src\traditional\proc\p18f1320.asm
                PORTAbits   0x000f80       data     extern E:\c18v3.46\pic18-lt\cxx-framework\src\traditional\proc\p18f1320.asm
                    PORTB   0x000f81       data     extern E:\c18v3.46\pic18-lt\cxx-framework\src\traditional\proc\p18f1320.asm
                PORTBbits   0x000f81       data     extern E:\c18v3.46\pic18-lt\cxx-framework\src\traditional\proc\p18f1320.asm
                 POSTDEC0   0x000fed       data     extern E:\c18v3.46\pic18-lt\cxx-framework\src\traditional\proc\p18f1320.asm
                 POSTDEC1   0x000fe5       data     extern E:\c18v3.46\pic18-lt\cxx-framework\src\traditional\proc\p18f1320.asm
                 POSTDEC2   0x000fdd       data     extern E:\c18v3.46\pic18-lt\cxx-framework\src\traditional\proc\p18f1320.asm
                 POSTINC0   0x000fee       data     extern E:\c18v3.46\pic18-lt\cxx-framework\src\traditional\proc\p18f1320.asm
                 POSTINC1   0x000fe6       data     extern E:\c18v3.46\pic18-lt\cxx-framework\src\traditional\proc\p18f1320.asm
                 POSTINC2   0x000fde       data     extern E:\c18v3.46\pic18-lt\cxx-framework\src\traditional\proc\p18f1320.asm
                      PR2   0x000fcb       data     extern E:\c18v3.46\pic18-lt\cxx-framework\src\traditional\proc\p18f1320.asm
                  PREINC0   0x000fec       data     extern E:\c18v3.46\pic18-lt\cxx-framework\src\traditional\proc\p18f1320.asm
                  PREINC1   0x000fe4       data     extern E:\c18v3.46\pic18-lt\cxx-framework\src\traditional\proc\p18f1320.asm
                  PREINC2   0x000fdc       data     extern E:\c18v3.46\pic18-lt\cxx-framework\src\traditional\proc\p18f1320.asm
                     PROD   0x000ff3       data     extern E:\c18v3.46\pic18-lt\cxx-framework\src\traditional\proc\p18f1320.asm
                    PRODH   0x000ff4       data     extern E:\c18v3.46\pic18-lt\cxx-framework\src\traditional\proc\p18f1320.asm
                    PRODL   0x000ff3       data     extern E:\c18v3.46\pic18-lt\cxx-framework\src\traditional\proc\p18f1320.asm
                  PWM1CON   0x000fb7       data     extern E:\c18v3.46\pic18-lt\cxx-framework\src\traditional\proc\p18f1320.asm
              PWM1CONbits   0x000fb7       data     extern E:\c18v3.46\pic18-lt\cxx-framework\src\traditional\proc\p18f1320.asm
                     RCON   0x000fd0       data     extern E:\c18v3.46\pic18-lt\cxx-framework\src\traditional\proc\p18f1320.asm
                 RCONbits   0x000fd0       data     extern E:\c18v3.46\pic18-lt\cxx-framework\src\traditional\proc\p18f1320.asm
                    RCREG   0x000fae       data     extern E:\c18v3.46\pic18-lt\cxx-framework\src\traditional\proc\p18f1320.asm
                    RCSTA   0x000fab       data     extern E:\c18v3.46\pic18-lt\cxx-framework\src\traditional\proc\p18f1320.asm
                RCSTAbits   0x000fab       data     extern E:\c18v3.46\pic18-lt\cxx-framework\src\traditional\proc\p18f1320.asm
                     SIGN   0x000006       data     extern E:\c18v3.46\pic18-lt\cxx-framework\src\traditional\math\cmath18.asm
                    SPBRG   0x000faf       data     extern E:\c18v3.46\pic18-lt\cxx-framework\src\traditional\proc\p18f1320.asm
                   SPBRGH   0x000fb0       data     extern E:\c18v3.46\pic18-lt\cxx-framework\src\traditional\proc\p18f1320.asm
                   STATUS   0x000fd8       data     extern E:\c18v3.46\pic18-lt\cxx-framework\src\traditional\proc\p18f1320.asm
               STATUSbits   0x000fd8       data     extern E:\c18v3.46\pic18-lt\cxx-framework\src\traditional\proc\p18f1320.asm
                   STKPTR   0x000ffc       data     extern E:\c18v3.46\pic18-lt\cxx-framework\src\traditional\proc\p18f1320.asm
               STKPTRbits   0x000ffc       data     extern E:\c18v3.46\pic18-lt\cxx-framework\src\traditional\proc\p18f1320.asm
                    T0CON   0x000fd5       data     extern E:\c18v3.46\pic18-lt\cxx-framework\src\traditional\proc\p18f1320.asm
                T0CONbits   0x000fd5       data     extern E:\c18v3.46\pic18-lt\cxx-framework\src\traditional\proc\p18f1320.asm
                    T1CON   0x000fcd       data     extern E:\c18v3.46\pic18-lt\cxx-framework\src\traditional\proc\p18f1320.asm
                T1CONbits   0x000fcd       data     extern E:\c18v3.46\pic18-lt\cxx-framework\src\traditional\proc\p18f1320.asm
                    T2CON   0x000fca       data     extern E:\c18v3.46\pic18-lt\cxx-framework\src\traditional\proc\p18f1320.asm
                T2CONbits   0x000fca       data     extern E:\c18v3.46\pic18-lt\cxx-framework\src\traditional\proc\p18f1320.asm
                    T3CON   0x000fb1       data     extern E:\c18v3.46\pic18-lt\cxx-framework\src\traditional\proc\p18f1320.asm
                T3CONbits   0x000fb1       data     extern E:\c18v3.46\pic18-lt\cxx-framework\src\traditional\proc\p18f1320.asm
                   TABLAT   0x000ff5       data     extern E:\c18v3.46\pic18-lt\cxx-framework\src\traditional\proc\p18f1320.asm
                   TBLPTR   0x000ff6       data     extern E:\c18v3.46\pic18-lt\cxx-framework\src\traditional\proc\p18f1320.asm
                  TBLPTRH   0x000ff7       data     extern E:\c18v3.46\pic18-lt\cxx-framework\src\traditional\proc\p18f1320.asm
                  TBLPTRL   0x000ff6       data     extern E:\c18v3.46\pic18-lt\cxx-framework\src\traditional\proc\p18f1320.asm
                  TBLPTRU   0x000ff8       data     extern E:\c18v3.46\pic18-lt\cxx-framework\src\traditional\proc\p18f1320.asm
                    TMR0H   0x000fd7       data     extern E:\c18v3.46\pic18-lt\cxx-framework\src\traditional\proc\p18f1320.asm
                    TMR0L   0x000fd6       data     extern E:\c18v3.46\pic18-lt\cxx-framework\src\traditional\proc\p18f1320.asm
                    TMR1H   0x000fcf       data     extern E:\c18v3.46\pic18-lt\cxx-framework\src\traditional\proc\p18f1320.asm
                    TMR1L   0x000fce       data     extern E:\c18v3.46\pic18-lt\cxx-framework\src\traditional\proc\p18f1320.asm
                     TMR2   0x000fcc       data     extern E:\c18v3.46\pic18-lt\cxx-framework\src\traditional\proc\p18f1320.asm
                    TMR3H   0x000fb3       data     extern E:\c18v3.46\pic18-lt\cxx-framework\src\traditional\proc\p18f1320.asm
                    TMR3L   0x000fb2       data     extern E:\c18v3.46\pic18-lt\cxx-framework\src\traditional\proc\p18f1320.asm
                      TOS   0x000ffd       data     extern E:\c18v3.46\pic18-lt\cxx-framework\src\traditional\proc\p18f1320.asm
                     TOSH   0x000ffe       data     extern E:\c18v3.46\pic18-lt\cxx-framework\src\traditional\proc\p18f1320.asm
                     TOSL   0x000ffd       data     extern E:\c18v3.46\pic18-lt\cxx-framework\src\traditional\proc\p18f1320.asm
                     TOSU   0x000fff       data     extern E:\c18v3.46\pic18-lt\cxx-framework\src\traditional\proc\p18f1320.asm
                    TRISA   0x000f92       data     extern E:\c18v3.46\pic18-lt\cxx-framework\src\traditional\proc\p18f1320.asm
                TRISAbits   0x000f92       data     extern E:\c18v3.46\pic18-lt\cxx-framework\src\traditional\proc\p18f1320.asm
                    TRISB   0x000f93       data     extern E:\c18v3.46\pic18-lt\cxx-framework\src\traditional\proc\p18f1320.asm
                TRISBbits   0x000f93       data     extern E:\c18v3.46\pic18-lt\cxx-framework\src\traditional\proc\p18f1320.asm
                    TXREG   0x000fad       data     extern E:\c18v3.46\pic18-lt\cxx-framework\src\traditional\proc\p18f1320.asm
                    TXSTA   0x000fac       data     extern E:\c18v3.46\pic18-lt\cxx-framework\src\traditional\proc\p18f1320.asm
                TXSTAbits   0x000fac       data     extern E:\c18v3.46\pic18-lt\cxx-framework\src\traditional\proc\p18f1320.asm
                        V   0x0000e5       data     extern X:\ibs_monitor\pat\pat.c 
                        W   0x000fe8       data     extern E:\c18v3.46\pic18-lt\cxx-framework\src\traditional\proc\p18f1320.asm
                   WDTCON   0x000fd1       data     extern E:\c18v3.46\pic18-lt\cxx-framework\src\traditional\proc\p18f1320.asm
               WDTCONbits   0x000fd1       data     extern E:\c18v3.46\pic18-lt\cxx-framework\src\traditional\proc\p18f1320.asm
                     WREG   0x000fe8       data     extern E:\c18v3.46\pic18-lt\cxx-framework\src\traditional\proc\p18f1320.asm
                __FPFLAGS   0x000007       data     extern E:\c18v3.46\pic18-lt\cxx-framework\src\traditional\math\cmath18.asm
            __FPFLAGSbits   0x000007       data     extern E:\c18v3.46\pic18-lt\cxx-framework\src\traditional\math\cmath18.asm
                  __tmp_0   0x000000       data     static E:\c18v3.46\pic18-lt\cxx-framework\src\pmc_common\EEP\read_B.c
                  __tmp_0   0x000000       data     static E:\c18v3.46\pic18-lt\cxx-framework\src\pmc_common\USART\uopen.c
                  __tmp_0   0x000000       data     static E:\c18v3.46\pic18-lt\cxx-framework\src\pmc_common\EEP\write_B.c
                  __tmp_0   0x000000       data     static X:\ibs_monitor\pat\blinker.c
                  __tmp_0   0x000000       data     static X:\ibs_monitor\pat\pat.c 
                  __tmp_1   0x000004       data     static X:\ibs_monitor\pat\pat.c 
              blink_speed   0x000008       data     extern X:\ibs_monitor\pat\pat.c 
               build_date   0x0000da       data     extern X:\ibs_monitor\pat\pat.c 
               build_time   0x0000dd       data     extern X:\ibs_monitor\pat\pat.c 
                  c_error   0x0000e2       data     static X:\ibs_monitor\pat\pat.c 
             config_found   0x0000e1       data     static X:\ibs_monitor\pat\pat.c 
                curr_byte   0x0000f7       data     static E:\c18v3.46\pic18-lt\cxx-framework\src\traditional\startup\c018i.c
               curr_entry   0x0000f9       data     static E:\c18v3.46\pic18-lt\cxx-framework\src\traditional\startup\c018i.c
                 data_ptr   0x0000fb       data     static E:\c18v3.46\pic18-lt\cxx-framework\src\traditional\startup\c018i.c
             glitch_count   0x0000d7       data     extern X:\ibs_monitor\pat\pat.c 
                    ibs_d   0x0000d8       data     extern X:\ibs_monitor\pat\pat.c 
                 ibs_data   0x0000c3       data     extern X:\ibs_monitor\pat\pat.c 
          ibs_stream_file   0x0000f1       data     extern X:\ibs_monitor\pat\pat.c 
     ibs_stream_file_prev   0x0000c0       data     extern X:\ibs_monitor\pat\pat.c 
                ihc_count   0x0000d1       data     extern X:\ibs_monitor\pat\pat.c 
                    ihc_d   0x0000f2       data     extern X:\ibs_monitor\pat\pat.c 
               ihc_d_prev   0x0000e3       data     static X:\ibs_monitor\pat\pat.c 
                led_cache   0x0000e0       data     static X:\ibs_monitor\pat\pat.c 
               link_count   0x0000cf       data     extern X:\ibs_monitor\pat\pat.c 
                  link_ok   0x0000d6       data     extern X:\ibs_monitor\pat\pat.c 
                     prom   0x0000f4       data     static E:\c18v3.46\pic18-lt\cxx-framework\src\traditional\startup\c018i.c
               timer0_off   0x0000c1       data     extern X:\ibs_monitor\pat\pat.c 



                              Symbols - Sorted by Address
                     Name    Address   Location    Storage File                     
                ---------  ---------  ---------  --------- ---------                
                   _entry   0x000000    program     extern E:\c18v3.46\pic18-lt\cxx-framework\src\traditional\startup\c018i.c
       ___return_lbl00000   0x000004    program     static                          
                   __init   0x000006    program     extern E:\c18v3.46\pic18-lt\cxx-framework\src\traditional\stdclib\__init.c
                   tm_int   0x000008    program     extern X:\ibs_monitor\pat\pat.c 
       ___return_lbl00000   0x00000c    program     static                          
               tm_handler   0x00001c    program     extern X:\ibs_monitor\pat\pat.c 
                  sw_work   0x0004b4    program     extern X:\ibs_monitor\pat\pat.c 
                do_config   0x000622    program     extern X:\ibs_monitor\pat\pat.c 
              init_ihcmon   0x0006bc    program     extern X:\ibs_monitor\pat\pat.c 
       init_stream_params   0x000730    program     extern X:\ibs_monitor\pat\pat.c 
                     main   0x000794    program     extern X:\ibs_monitor\pat\pat.c 
                   __pa_0   0x0007a2    program     static X:\ibs_monitor\pat\pat.c 
                   __pa_1   0x0007b0    program     static X:\ibs_monitor\pat\pat.c 
                   __pa_2   0x0007c0    program     static X:\ibs_monitor\pat\pat.c 
                   __pa_3   0x0007d2    program     static X:\ibs_monitor\pat\pat.c 
                   __pa_4   0x0007e4    program     static X:\ibs_monitor\pat\pat.c 
                   __pa_5   0x0007f6    program     static X:\ibs_monitor\pat\pat.c 
                   __pa_6   0x000800    program     static X:\ibs_monitor\pat\pat.c 
                   __pa_7   0x00080a    program     static X:\ibs_monitor\pat\pat.c 
                   __pa_8   0x000812    program     static X:\ibs_monitor\pat\pat.c 
                blink_led   0x000818    program     extern X:\ibs_monitor\pat\blinker.c
          is_led_blinking   0x0008f6    program     extern X:\ibs_monitor\pat\blinker.c
            blink_led_alt   0x000912    program     extern X:\ibs_monitor\pat\blinker.c
                is_led_on   0x000930    program     extern X:\ibs_monitor\pat\blinker.c
               Blink_Init   0x00094c    program     extern X:\ibs_monitor\pat\blinker.c
                   __pa_0   0x000960    program     static X:\ibs_monitor\pat\blinker.c
                   __pa_1   0x00096e    program     static X:\ibs_monitor\pat\blinker.c
                   __pa_2   0x000978    program     static X:\ibs_monitor\pat\blinker.c
                   __pa_3   0x000980    program     static X:\ibs_monitor\pat\blinker.c
                _do_cinit   0x000988    program     extern E:\c18v3.46\pic18-lt\cxx-framework\src\traditional\startup\c018i.c
                     test   0x0009a2    program     static                          
                copy_loop   0x0009fa    program     static                          
            copy_one_byte   0x000a00    program     static                          
             done_copying   0x000a0e    program     static                          
                     done   0x000a24    program     static                          
       ___return_lbl00002   0x000a24    program     static                          
                OpenUSART   0x000a26    program     extern E:\c18v3.46\pic18-lt\cxx-framework\src\pmc_common\USART\uopen.c
              Write_b_eep   0x000ab0    program     extern E:\c18v3.46\pic18-lt\cxx-framework\src\pmc_common\EEP\write_B.c
               Read_b_eep   0x000b16    program     extern E:\c18v3.46\pic18-lt\cxx-framework\src\pmc_common\EEP\read_B.c
       ___return_lbl00000   0x000b4e    program     static                          
               OpenTimer1   0x000b5a    program     extern E:\c18v3.46\pic18-lt\cxx-framework\src\pmc_common\Timers\t1open.c
              WriteTimer1   0x000b9c    program     extern E:\c18v3.46\pic18-lt\cxx-framework\src\pmc_common\Timers\t1write.c
              WriteTimer0   0x000bd4    program     extern E:\c18v3.46\pic18-lt\cxx-framework\src\pmc_common\Timers\t0write.c
               OpenTimer0   0x000c0c    program     extern E:\c18v3.46\pic18-lt\cxx-framework\src\pmc_common\Timers\t0open.c
            __zero_memory   0x000c44    program     extern E:\c18v3.46\pic18-lt\cxx-framework\src\traditional\proc\p18f1320.asm
                   loop_h   0x000c52    program     static E:\c18v3.46\pic18-lt\cxx-framework\src\traditional\proc\p18f1320.asm
               zero_block   0x000c52    program     static E:\c18v3.46\pic18-lt\cxx-framework\src\traditional\proc\p18f1320.asm
                compare_l   0x000c5a    program     static E:\c18v3.46\pic18-lt\cxx-framework\src\traditional\proc\p18f1320.asm
                   loop_l   0x000c5c    program     static E:\c18v3.46\pic18-lt\cxx-framework\src\traditional\proc\p18f1320.asm
                 _startup   0x000c64    program     extern E:\c18v3.46\pic18-lt\cxx-framework\src\traditional\startup\c018i.c
                     loop   0x000c74    program     static                          
       ___return_lbl00001   0x000c7e    program     static                          
               __string_1   0x000c80    program     static X:\ibs_monitor\pat\pat.c 
               __string_0   0x000c89    program     static X:\ibs_monitor\pat\pat.c 
                 Busy_eep   0x000c96    program     extern E:\c18v3.46\pic18-lt\cxx-framework\src\pmc_common\EEP\busy_eep.c
               __config_0   0x300001    program     static X:\ibs_monitor\pat\pat.c 
               __config_1   0x300002    program     static X:\ibs_monitor\pat\pat.c 
               __config_2   0x300003    program     static X:\ibs_monitor\pat\pat.c 
               __config_3   0x300005    program     static X:\ibs_monitor\pat\pat.c 
               __config_4   0x300006    program     static X:\ibs_monitor\pat\pat.c 
               __config_5   0x300008    program     static X:\ibs_monitor\pat\pat.c 
               __config_6   0x300009    program     static X:\ibs_monitor\pat\pat.c 
               __config_7   0x30000a    program     static X:\ibs_monitor\pat\pat.c 
               __config_8   0x30000b    program     static X:\ibs_monitor\pat\pat.c 
               __config_9   0x30000c    program     static X:\ibs_monitor\pat\pat.c 
              __config_10   0x30000d    program     static X:\ibs_monitor\pat\pat.c 
                  __tmp_0   0x000000       data     static E:\c18v3.46\pic18-lt\cxx-framework\src\pmc_common\EEP\write_B.c
                  __tmp_0   0x000000       data     static E:\c18v3.46\pic18-lt\cxx-framework\src\pmc_common\USART\uopen.c
                  __tmp_0   0x000000       data     static E:\c18v3.46\pic18-lt\cxx-framework\src\pmc_common\EEP\read_B.c
                  __tmp_0   0x000000       data     static X:\ibs_monitor\pat\blinker.c
                  __tmp_0   0x000000       data     static X:\ibs_monitor\pat\pat.c 
                  __tmp_1   0x000004       data     static X:\ibs_monitor\pat\pat.c 
                     SIGN   0x000006       data     extern E:\c18v3.46\pic18-lt\cxx-framework\src\traditional\math\cmath18.asm
            __FPFLAGSbits   0x000007       data     extern E:\c18v3.46\pic18-lt\cxx-framework\src\traditional\math\cmath18.asm
                __FPFLAGS   0x000007       data     extern E:\c18v3.46\pic18-lt\cxx-framework\src\traditional\math\cmath18.asm
              blink_speed   0x000008       data     extern X:\ibs_monitor\pat\pat.c 
     ibs_stream_file_prev   0x0000c0       data     extern X:\ibs_monitor\pat\pat.c 
               timer0_off   0x0000c1       data     extern X:\ibs_monitor\pat\pat.c 
                 ibs_data   0x0000c3       data     extern X:\ibs_monitor\pat\pat.c 
               link_count   0x0000cf       data     extern X:\ibs_monitor\pat\pat.c 
                ihc_count   0x0000d1       data     extern X:\ibs_monitor\pat\pat.c 
                  link_ok   0x0000d6       data     extern X:\ibs_monitor\pat\pat.c 
             glitch_count   0x0000d7       data     extern X:\ibs_monitor\pat\pat.c 
                    ibs_d   0x0000d8       data     extern X:\ibs_monitor\pat\pat.c 
               build_date   0x0000da       data     extern X:\ibs_monitor\pat\pat.c 
               build_time   0x0000dd       data     extern X:\ibs_monitor\pat\pat.c 
                led_cache   0x0000e0       data     static X:\ibs_monitor\pat\pat.c 
             config_found   0x0000e1       data     static X:\ibs_monitor\pat\pat.c 
                  c_error   0x0000e2       data     static X:\ibs_monitor\pat\pat.c 
               ihc_d_prev   0x0000e3       data     static X:\ibs_monitor\pat\pat.c 
                        V   0x0000e5       data     extern X:\ibs_monitor\pat\pat.c 
                     LEDS   0x0000f0       data     extern X:\ibs_monitor\pat\pat.c 
          ibs_stream_file   0x0000f1       data     extern X:\ibs_monitor\pat\pat.c 
                    ihc_d   0x0000f2       data     extern X:\ibs_monitor\pat\pat.c 
                     prom   0x0000f4       data     static E:\c18v3.46\pic18-lt\cxx-framework\src\traditional\startup\c018i.c
                curr_byte   0x0000f7       data     static E:\c18v3.46\pic18-lt\cxx-framework\src\traditional\startup\c018i.c
               curr_entry   0x0000f9       data     static E:\c18v3.46\pic18-lt\cxx-framework\src\traditional\startup\c018i.c
                 data_ptr   0x0000fb       data     static E:\c18v3.46\pic18-lt\cxx-framework\src\traditional\startup\c018i.c
                PORTAbits   0x000f80       data     extern E:\c18v3.46\pic18-lt\cxx-framework\src\traditional\proc\p18f1320.asm
                    PORTA   0x000f80       data     extern E:\c18v3.46\pic18-lt\cxx-framework\src\traditional\proc\p18f1320.asm
                    PORTB   0x000f81       data     extern E:\c18v3.46\pic18-lt\cxx-framework\src\traditional\proc\p18f1320.asm
                PORTBbits   0x000f81       data     extern E:\c18v3.46\pic18-lt\cxx-framework\src\traditional\proc\p18f1320.asm
                 LATAbits   0x000f89       data     extern E:\c18v3.46\pic18-lt\cxx-framework\src\traditional\proc\p18f1320.asm
                     LATA   0x000f89       data     extern E:\c18v3.46\pic18-lt\cxx-framework\src\traditional\proc\p18f1320.asm
                     LATB   0x000f8a       data     extern E:\c18v3.46\pic18-lt\cxx-framework\src\traditional\proc\p18f1320.asm
                 LATBbits   0x000f8a       data     extern E:\c18v3.46\pic18-lt\cxx-framework\src\traditional\proc\p18f1320.asm
                     DDRA   0x000f92       data     extern E:\c18v3.46\pic18-lt\cxx-framework\src\traditional\proc\p18f1320.asm
                TRISAbits   0x000f92       data     extern E:\c18v3.46\pic18-lt\cxx-framework\src\traditional\proc\p18f1320.asm
                    TRISA   0x000f92       data     extern E:\c18v3.46\pic18-lt\cxx-framework\src\traditional\proc\p18f1320.asm
                 DDRAbits   0x000f92       data     extern E:\c18v3.46\pic18-lt\cxx-framework\src\traditional\proc\p18f1320.asm
                TRISBbits   0x000f93       data     extern E:\c18v3.46\pic18-lt\cxx-framework\src\traditional\proc\p18f1320.asm
                    TRISB   0x000f93       data     extern E:\c18v3.46\pic18-lt\cxx-framework\src\traditional\proc\p18f1320.asm
                     DDRB   0x000f93       data     extern E:\c18v3.46\pic18-lt\cxx-framework\src\traditional\proc\p18f1320.asm
                 DDRBbits   0x000f93       data     extern E:\c18v3.46\pic18-lt\cxx-framework\src\traditional\proc\p18f1320.asm
                  OSCTUNE   0x000f9b       data     extern E:\c18v3.46\pic18-lt\cxx-framework\src\traditional\proc\p18f1320.asm
              OSCTUNEbits   0x000f9b       data     extern E:\c18v3.46\pic18-lt\cxx-framework\src\traditional\proc\p18f1320.asm
                 PIE1bits   0x000f9d       data     extern E:\c18v3.46\pic18-lt\cxx-framework\src\traditional\proc\p18f1320.asm
                     PIE1   0x000f9d       data     extern E:\c18v3.46\pic18-lt\cxx-framework\src\traditional\proc\p18f1320.asm
                 PIR1bits   0x000f9e       data     extern E:\c18v3.46\pic18-lt\cxx-framework\src\traditional\proc\p18f1320.asm
                     PIR1   0x000f9e       data     extern E:\c18v3.46\pic18-lt\cxx-framework\src\traditional\proc\p18f1320.asm
                 IPR1bits   0x000f9f       data     extern E:\c18v3.46\pic18-lt\cxx-framework\src\traditional\proc\p18f1320.asm
                     IPR1   0x000f9f       data     extern E:\c18v3.46\pic18-lt\cxx-framework\src\traditional\proc\p18f1320.asm
                     PIE2   0x000fa0       data     extern E:\c18v3.46\pic18-lt\cxx-framework\src\traditional\proc\p18f1320.asm
                 PIE2bits   0x000fa0       data     extern E:\c18v3.46\pic18-lt\cxx-framework\src\traditional\proc\p18f1320.asm
                 PIR2bits   0x000fa1       data     extern E:\c18v3.46\pic18-lt\cxx-framework\src\traditional\proc\p18f1320.asm
                     PIR2   0x000fa1       data     extern E:\c18v3.46\pic18-lt\cxx-framework\src\traditional\proc\p18f1320.asm
                 IPR2bits   0x000fa2       data     extern E:\c18v3.46\pic18-lt\cxx-framework\src\traditional\proc\p18f1320.asm
                     IPR2   0x000fa2       data     extern E:\c18v3.46\pic18-lt\cxx-framework\src\traditional\proc\p18f1320.asm
               EECON1bits   0x000fa6       data     extern E:\c18v3.46\pic18-lt\cxx-framework\src\traditional\proc\p18f1320.asm
                   EECON1   0x000fa6       data     extern E:\c18v3.46\pic18-lt\cxx-framework\src\traditional\proc\p18f1320.asm
                   EECON2   0x000fa7       data     extern E:\c18v3.46\pic18-lt\cxx-framework\src\traditional\proc\p18f1320.asm
                   EEDATA   0x000fa8       data     extern E:\c18v3.46\pic18-lt\cxx-framework\src\traditional\proc\p18f1320.asm
                    EEADR   0x000fa9       data     extern E:\c18v3.46\pic18-lt\cxx-framework\src\traditional\proc\p18f1320.asm
                  BAUDCTL   0x000faa       data     extern E:\c18v3.46\pic18-lt\cxx-framework\src\traditional\proc\p18f1320.asm
              BAUDCTLbits   0x000faa       data     extern E:\c18v3.46\pic18-lt\cxx-framework\src\traditional\proc\p18f1320.asm
                    RCSTA   0x000fab       data     extern E:\c18v3.46\pic18-lt\cxx-framework\src\traditional\proc\p18f1320.asm
                RCSTAbits   0x000fab       data     extern E:\c18v3.46\pic18-lt\cxx-framework\src\traditional\proc\p18f1320.asm
                    TXSTA   0x000fac       data     extern E:\c18v3.46\pic18-lt\cxx-framework\src\traditional\proc\p18f1320.asm
                TXSTAbits   0x000fac       data     extern E:\c18v3.46\pic18-lt\cxx-framework\src\traditional\proc\p18f1320.asm
                    TXREG   0x000fad       data     extern E:\c18v3.46\pic18-lt\cxx-framework\src\traditional\proc\p18f1320.asm
                    RCREG   0x000fae       data     extern E:\c18v3.46\pic18-lt\cxx-framework\src\traditional\proc\p18f1320.asm
                    SPBRG   0x000faf       data     extern E:\c18v3.46\pic18-lt\cxx-framework\src\traditional\proc\p18f1320.asm
                   SPBRGH   0x000fb0       data     extern E:\c18v3.46\pic18-lt\cxx-framework\src\traditional\proc\p18f1320.asm
                    T3CON   0x000fb1       data     extern E:\c18v3.46\pic18-lt\cxx-framework\src\traditional\proc\p18f1320.asm
                T3CONbits   0x000fb1       data     extern E:\c18v3.46\pic18-lt\cxx-framework\src\traditional\proc\p18f1320.asm
                    TMR3L   0x000fb2       data     extern E:\c18v3.46\pic18-lt\cxx-framework\src\traditional\proc\p18f1320.asm
                    TMR3H   0x000fb3       data     extern E:\c18v3.46\pic18-lt\cxx-framework\src\traditional\proc\p18f1320.asm
                   ECCPAS   0x000fb6       data     extern E:\c18v3.46\pic18-lt\cxx-framework\src\traditional\proc\p18f1320.asm
               ECCPASbits   0x000fb6       data     extern E:\c18v3.46\pic18-lt\cxx-framework\src\traditional\proc\p18f1320.asm
              PWM1CONbits   0x000fb7       data     extern E:\c18v3.46\pic18-lt\cxx-framework\src\traditional\proc\p18f1320.asm
                  PWM1CON   0x000fb7       data     extern E:\c18v3.46\pic18-lt\cxx-framework\src\traditional\proc\p18f1320.asm
                  CCP1CON   0x000fbd       data     extern E:\c18v3.46\pic18-lt\cxx-framework\src\traditional\proc\p18f1320.asm
              CCP1CONbits   0x000fbd       data     extern E:\c18v3.46\pic18-lt\cxx-framework\src\traditional\proc\p18f1320.asm
                    CCPR1   0x000fbe       data     extern E:\c18v3.46\pic18-lt\cxx-framework\src\traditional\proc\p18f1320.asm
                   CCPR1L   0x000fbe       data     extern E:\c18v3.46\pic18-lt\cxx-framework\src\traditional\proc\p18f1320.asm
                   CCPR1H   0x000fbf       data     extern E:\c18v3.46\pic18-lt\cxx-framework\src\traditional\proc\p18f1320.asm
                   ADCON2   0x000fc0       data     extern E:\c18v3.46\pic18-lt\cxx-framework\src\traditional\proc\p18f1320.asm
               ADCON2bits   0x000fc0       data     extern E:\c18v3.46\pic18-lt\cxx-framework\src\traditional\proc\p18f1320.asm
               ADCON1bits   0x000fc1       data     extern E:\c18v3.46\pic18-lt\cxx-framework\src\traditional\proc\p18f1320.asm
                   ADCON1   0x000fc1       data     extern E:\c18v3.46\pic18-lt\cxx-framework\src\traditional\proc\p18f1320.asm
                   ADCON0   0x000fc2       data     extern E:\c18v3.46\pic18-lt\cxx-framework\src\traditional\proc\p18f1320.asm
               ADCON0bits   0x000fc2       data     extern E:\c18v3.46\pic18-lt\cxx-framework\src\traditional\proc\p18f1320.asm
                    ADRES   0x000fc3       data     extern E:\c18v3.46\pic18-lt\cxx-framework\src\traditional\proc\p18f1320.asm
                   ADRESL   0x000fc3       data     extern E:\c18v3.46\pic18-lt\cxx-framework\src\traditional\proc\p18f1320.asm
                   ADRESH   0x000fc4       data     extern E:\c18v3.46\pic18-lt\cxx-framework\src\traditional\proc\p18f1320.asm
                T2CONbits   0x000fca       data     extern E:\c18v3.46\pic18-lt\cxx-framework\src\traditional\proc\p18f1320.asm
                    T2CON   0x000fca       data     extern E:\c18v3.46\pic18-lt\cxx-framework\src\traditional\proc\p18f1320.asm
                      PR2   0x000fcb       data     extern E:\c18v3.46\pic18-lt\cxx-framework\src\traditional\proc\p18f1320.asm
                     TMR2   0x000fcc       data     extern E:\c18v3.46\pic18-lt\cxx-framework\src\traditional\proc\p18f1320.asm
                    T1CON   0x000fcd       data     extern E:\c18v3.46\pic18-lt\cxx-framework\src\traditional\proc\p18f1320.asm
                T1CONbits   0x000fcd       data     extern E:\c18v3.46\pic18-lt\cxx-framework\src\traditional\proc\p18f1320.asm
                    TMR1L   0x000fce       data     extern E:\c18v3.46\pic18-lt\cxx-framework\src\traditional\proc\p18f1320.asm
                    TMR1H   0x000fcf       data     extern E:\c18v3.46\pic18-lt\cxx-framework\src\traditional\proc\p18f1320.asm
                     RCON   0x000fd0       data     extern E:\c18v3.46\pic18-lt\cxx-framework\src\traditional\proc\p18f1320.asm
                 RCONbits   0x000fd0       data     extern E:\c18v3.46\pic18-lt\cxx-framework\src\traditional\proc\p18f1320.asm
                   WDTCON   0x000fd1       data     extern E:\c18v3.46\pic18-lt\cxx-framework\src\traditional\proc\p18f1320.asm
               WDTCONbits   0x000fd1       data     extern E:\c18v3.46\pic18-lt\cxx-framework\src\traditional\proc\p18f1320.asm
               LVDCONbits   0x000fd2       data     extern E:\c18v3.46\pic18-lt\cxx-framework\src\traditional\proc\p18f1320.asm
                   LVDCON   0x000fd2       data     extern E:\c18v3.46\pic18-lt\cxx-framework\src\traditional\proc\p18f1320.asm
                   OSCCON   0x000fd3       data     extern E:\c18v3.46\pic18-lt\cxx-framework\src\traditional\proc\p18f1320.asm
               OSCCONbits   0x000fd3       data     extern E:\c18v3.46\pic18-lt\cxx-framework\src\traditional\proc\p18f1320.asm
                T0CONbits   0x000fd5       data     extern E:\c18v3.46\pic18-lt\cxx-framework\src\traditional\proc\p18f1320.asm
                    T0CON   0x000fd5       data     extern E:\c18v3.46\pic18-lt\cxx-framework\src\traditional\proc\p18f1320.asm
                    TMR0L   0x000fd6       data     extern E:\c18v3.46\pic18-lt\cxx-framework\src\traditional\proc\p18f1320.asm
                    TMR0H   0x000fd7       data     extern E:\c18v3.46\pic18-lt\cxx-framework\src\traditional\proc\p18f1320.asm
               STATUSbits   0x000fd8       data     extern E:\c18v3.46\pic18-lt\cxx-framework\src\traditional\proc\p18f1320.asm
                   STATUS   0x000fd8       data     extern E:\c18v3.46\pic18-lt\cxx-framework\src\traditional\proc\p18f1320.asm
                     FSR2   0x000fd9       data     extern E:\c18v3.46\pic18-lt\cxx-framework\src\traditional\proc\p18f1320.asm
                    FSR2L   0x000fd9       data     extern E:\c18v3.46\pic18-lt\cxx-framework\src\traditional\proc\p18f1320.asm
                    FSR2H   0x000fda       data     extern E:\c18v3.46\pic18-lt\cxx-framework\src\traditional\proc\p18f1320.asm
                   PLUSW2   0x000fdb       data     extern E:\c18v3.46\pic18-lt\cxx-framework\src\traditional\proc\p18f1320.asm
                  PREINC2   0x000fdc       data     extern E:\c18v3.46\pic18-lt\cxx-framework\src\traditional\proc\p18f1320.asm
                 POSTDEC2   0x000fdd       data     extern E:\c18v3.46\pic18-lt\cxx-framework\src\traditional\proc\p18f1320.asm
                 POSTINC2   0x000fde       data     extern E:\c18v3.46\pic18-lt\cxx-framework\src\traditional\proc\p18f1320.asm
                    INDF2   0x000fdf       data     extern E:\c18v3.46\pic18-lt\cxx-framework\src\traditional\proc\p18f1320.asm
                      BSR   0x000fe0       data     extern E:\c18v3.46\pic18-lt\cxx-framework\src\traditional\proc\p18f1320.asm
                    FSR1L   0x000fe1       data     extern E:\c18v3.46\pic18-lt\cxx-framework\src\traditional\proc\p18f1320.asm
                     FSR1   0x000fe1       data     extern E:\c18v3.46\pic18-lt\cxx-framework\src\traditional\proc\p18f1320.asm
                    FSR1H   0x000fe2       data     extern E:\c18v3.46\pic18-lt\cxx-framework\src\traditional\proc\p18f1320.asm
                   PLUSW1   0x000fe3       data     extern E:\c18v3.46\pic18-lt\cxx-framework\src\traditional\proc\p18f1320.asm
                  PREINC1   0x000fe4       data     extern E:\c18v3.46\pic18-lt\cxx-framework\src\traditional\proc\p18f1320.asm
                 POSTDEC1   0x000fe5       data     extern E:\c18v3.46\pic18-lt\cxx-framework\src\traditional\proc\p18f1320.asm
                 POSTINC1   0x000fe6       data     extern E:\c18v3.46\pic18-lt\cxx-framework\src\traditional\proc\p18f1320.asm
                    INDF1   0x000fe7       data     extern E:\c18v3.46\pic18-lt\cxx-framework\src\traditional\proc\p18f1320.asm
                        W   0x000fe8       data     extern E:\c18v3.46\pic18-lt\cxx-framework\src\traditional\proc\p18f1320.asm
                     WREG   0x000fe8       data     extern E:\c18v3.46\pic18-lt\cxx-framework\src\traditional\proc\p18f1320.asm
                    FSR0L   0x000fe9       data     extern E:\c18v3.46\pic18-lt\cxx-framework\src\traditional\proc\p18f1320.asm
                     FSR0   0x000fe9       data     extern E:\c18v3.46\pic18-lt\cxx-framework\src\traditional\proc\p18f1320.asm
                    FSR0H   0x000fea       data     extern E:\c18v3.46\pic18-lt\cxx-framework\src\traditional\proc\p18f1320.asm
                   PLUSW0   0x000feb       data     extern E:\c18v3.46\pic18-lt\cxx-framework\src\traditional\proc\p18f1320.asm
                  PREINC0   0x000fec       data     extern E:\c18v3.46\pic18-lt\cxx-framework\src\traditional\proc\p18f1320.asm
                 POSTDEC0   0x000fed       data     extern E:\c18v3.46\pic18-lt\cxx-framework\src\traditional\proc\p18f1320.asm
                 POSTINC0   0x000fee       data     extern E:\c18v3.46\pic18-lt\cxx-framework\src\traditional\proc\p18f1320.asm
                    INDF0   0x000fef       data     extern E:\c18v3.46\pic18-lt\cxx-framework\src\traditional\proc\p18f1320.asm
              INTCON3bits   0x000ff0       data     extern E:\c18v3.46\pic18-lt\cxx-framework\src\traditional\proc\p18f1320.asm
                  INTCON3   0x000ff0       data     extern E:\c18v3.46\pic18-lt\cxx-framework\src\traditional\proc\p18f1320.asm
              INTCON2bits   0x000ff1       data     extern E:\c18v3.46\pic18-lt\cxx-framework\src\traditional\proc\p18f1320.asm
                  INTCON2   0x000ff1       data     extern E:\c18v3.46\pic18-lt\cxx-framework\src\traditional\proc\p18f1320.asm
                   INTCON   0x000ff2       data     extern E:\c18v3.46\pic18-lt\cxx-framework\src\traditional\proc\p18f1320.asm
               INTCONbits   0x000ff2       data     extern E:\c18v3.46\pic18-lt\cxx-framework\src\traditional\proc\p18f1320.asm
                    PRODL   0x000ff3       data     extern E:\c18v3.46\pic18-lt\cxx-framework\src\traditional\proc\p18f1320.asm
                     PROD   0x000ff3       data     extern E:\c18v3.46\pic18-lt\cxx-framework\src\traditional\proc\p18f1320.asm
                    PRODH   0x000ff4       data     extern E:\c18v3.46\pic18-lt\cxx-framework\src\traditional\proc\p18f1320.asm
                   TABLAT   0x000ff5       data     extern E:\c18v3.46\pic18-lt\cxx-framework\src\traditional\proc\p18f1320.asm
                  TBLPTRL   0x000ff6       data     extern E:\c18v3.46\pic18-lt\cxx-framework\src\traditional\proc\p18f1320.asm
                   TBLPTR   0x000ff6       data     extern E:\c18v3.46\pic18-lt\cxx-framework\src\traditional\proc\p18f1320.asm
                  TBLPTRH   0x000ff7       data     extern E:\c18v3.46\pic18-lt\cxx-framework\src\traditional\proc\p18f1320.asm
                  TBLPTRU   0x000ff8       data     extern E:\c18v3.46\pic18-lt\cxx-framework\src\traditional\proc\p18f1320.asm
                       PC   0x000ff9       data     extern E:\c18v3.46\pic18-lt\cxx-framework\src\traditional\proc\p18f1320.asm
                      PCL   0x000ff9       data     extern E:\c18v3.46\pic18-lt\cxx-framework\src\traditional\proc\p18f1320.asm
                   PCLATH   0x000ffa       data     extern E:\c18v3.46\pic18-lt\cxx-framework\src\traditional\proc\p18f1320.asm
                   PCLATU   0x000ffb       data     extern E:\c18v3.46\pic18-lt\cxx-framework\src\traditional\proc\p18f1320.asm
               STKPTRbits   0x000ffc       data     extern E:\c18v3.46\pic18-lt\cxx-framework\src\traditional\proc\p18f1320.asm
                   STKPTR   0x000ffc       data     extern E:\c18v3.46\pic18-lt\cxx-framework\src\traditional\proc\p18f1320.asm
                     TOSL   0x000ffd       data     extern E:\c18v3.46\pic18-lt\cxx-framework\src\traditional\proc\p18f1320.asm
                      TOS   0x000ffd       data     extern E:\c18v3.46\pic18-lt\cxx-framework\src\traditional\proc\p18f1320.asm
                     TOSH   0x000ffe       data     extern E:\c18v3.46\pic18-lt\cxx-framework\src\traditional\proc\p18f1320.asm
                     TOSU   0x000fff       data     extern E:\c18v3.46\pic18-lt\cxx-framework\src\traditional\proc\p18f1320.asm


